// Vitest Snapshot v1, https://vitest.dev/guide/snapshot.html

exports[`targets > build share links 1`] = `
{
  "band": "https://band.us/plugin/share?body=Some%20text%0Ahttps%3A%2F%2Fexample.com%2Fa%3Fb%3D1&route=localhost%3A3000",
  "blogger": "https://www.blogger.com/blog-this.g?u=https%3A%2F%2Fexample.com%2Fa%3Fb%3D1&n=Title%20%26%20more&t=Some%20text",
  "bluesky": "https://bsky.app/intent/compose?text=Some%20text%0Ahttps%3A%2F%2Fexample.com%2Fa%3Fb%3D1",
  "buffer": "https://buffer.com/add?url=https%3A%2F%2Fexample.com%2Fa%3Fb%3D1&text=Some%20text",
  "classroom": "https://classroom.google.com/share?url=https%3A%2F%2Fexample.com%2Fa%3Fb%3D1&title=Title%20%26%20more&body=Some%20text",
  "douban": "https://www.douban.com/recommend/?href=https%3A%2F%2Fexample.com%2Fa%3Fb%3D1&name=Title%20%26%20more&text=Some%20text",
  "email": "mailto:?subject=Title%20%26%20more&body=Some%20text%0A%0Ahttps%3A%2F%2Fexample.com%2Fa%3Fb%3D1",
  "facebook": "https://www.facebook.com/sharer/sharer.php?u=https%3A%2F%2Fexample.com%2Fa%3Fb%3D1",
  "flipboard": "https://share.flipboard.com/bookmarklet/popout?v=2&title=Title%20%26%20more&url=https%3A%2F%2Fexample.com%2Fa%3Fb%3D1",
  "gmail": "https://mail.google.com/mail/?view=cm&su=Title%20%26%20more&body=Some%20text%0A%0Ahttps%3A%2F%2Fexample.com%2Fa%3Fb%3D1",
  "hackernews": "https://news.ycombinator.com/submitlink?u=https%3A%2F%2Fexample.com%2Fa%3Fb%3D1&t=Title%20%26%20more",
  "hatena": "https://b.hatena.ne.jp/add?mode=confirm&url=https%3A%2F%2Fexample.com%2Fa%3Fb%3D1&title=Title%20%26%20more",
  "instapaper": "https://www.instapaper.com/hello2?url=https%3A%2F%2Fexample.com%2Fa%3Fb%3D1&title=Title%20%26%20more&description=Some%20text",
  "line": "https://line.me/R/share?text=Some%20text%0Ahttps%3A%2F%2Fexample.com%2Fa%3Fb%3D1",
  "linkedin": "https://www.linkedin.com/sharing/share-offsite/?url=https%3A%2F%2Fexample.com%2Fa%3Fb%3D1",
  "livejournal": "https://www.livejournal.com/update.bml?subject=Title%20%26%20more&event=Some%20text%0A%0Ahttps%3A%2F%2Fexample.com%2Fa%3Fb%3D1",
  "mastodon": "https://s2f.kytta.dev/?text=Some%20text%0Ahttps%3A%2F%2Fexample.com%2Fa%3Fb%3D1",
  "naver": "https://share.naver.com/web/shareView?url=https%3A%2F%2Fexample.com%2Fa%3Fb%3D1&title=Title%20%26%20more",
  "ok": "https://connect.ok.ru/offer?url=https%3A%2F%2Fexample.com%2Fa%3Fb%3D1&title=Title%20%26%20more",
  "outlook": "https://outlook.live.com/mail/0/deeplink/compose?subject=Title%20%26%20more&body=Some%20text%0A%0Ahttps%3A%2F%2Fexample.com%2Fa%3Fb%3D1",
  "pinterest": "https://www.pinterest.com/pin/create/button/?url=https%3A%2F%2Fexample.com%2Fa%3Fb%3D1&description=Some%20text",
  "qzone": "https://sns.qzone.qq.com/cgi-bin/qzshare/cgi_qzshare_onekey?url=https%3A%2F%2Fexample.com%2Fa%3Fb%3D1&title=Title%20%26%20more&summary=Some%20text",
  "raindrop": "https://app.raindrop.io/add?link=https%3A%2F%2Fexample.com%2Fa%3Fb%3D1&title=Title%20%26%20more",
  "reddit": "https://www.reddit.com/submit?url=https%3A%2F%2Fexample.com%2Fa%3Fb%3D1&title=Title%20%26%20more",
  "sms": "sms:?&body=Some%20text%0Ahttps%3A%2F%2Fexample.com%2Fa%3Fb%3D1",
  "snapchat": "https://www.snapchat.com/share?link=https%3A%2F%2Fexample.com%2Fa%3Fb%3D1",
  "substack": "https://substack.com/notes?action=compose&message=Some%20text%0Ahttps%3A%2F%2Fexample.com%2Fa%3Fb%3D1",
  "teams": "https://teams.microsoft.com/share?href=https%3A%2F%2Fexample.com%2Fa%3Fb%3D1&msgText=Some%20text",
  "telegram": "https://t.me/share/url?url=https%3A%2F%2Fexample.com%2Fa%3Fb%3D1&text=Some%20text",
  "threads": "https://www.threads.com/intent/post?text=Some%20text&url=https%3A%2F%2Fexample.com%2Fa%3Fb%3D1",
  "tumblr": "https://www.tumblr.com/widgets/share/tool?canonicalUrl=https%3A%2F%2Fexample.com%2Fa%3Fb%3D1&title=Title%20%26%20more&caption=Some%20text",
  "viber": "viber://forward?text=Some%20text%0Ahttps%3A%2F%2Fexample.com%2Fa%3Fb%3D1",
  "vk": "https://vk.com/share.php?url=https%3A%2F%2Fexample.com%2Fa%3Fb%3D1&title=Title%20%26%20more",
  "weibo": "https://service.weibo.com/share/share.php?url=https%3A%2F%2Fexample.com%2Fa%3Fb%3D1&title=Some%20text",
  "whatsapp": "https://wa.me/?text=Some%20text%0Ahttps%3A%2F%2Fexample.com%2Fa%3Fb%3D1",
  "x": "https://x.com/intent/post?text=Some%20text&url=https%3A%2F%2Fexample.com%2Fa%3Fb%3D1",
  "xing": "https://www.xing.com/spi/shares/new?url=https%3A%2F%2Fexample.com%2Fa%3Fb%3D1",
  "yahoo": "https://compose.mail.yahoo.com/?subject=Title%20%26%20more&body=Some%20text%0A%0Ahttps%3A%2F%2Fexample.com%2Fa%3Fb%3D1",
}
`;
